{"directive":"metadata file written: $TEST_BUILD_DIR/emit-directives/a"}
